terminate called after throwing an instance of 'std::bad_cast'
  what():  std::bad_cast
terminate called after throwing an instance of 'std::bad_cast'
  what():  std::bad_cast
terminate called after throwing an instance of 'std::bad_cast'
  what():  std::bad_cast
terminate called after throwing an instance of 'std::bad_cast'
  what():  std::bad_cast
terminate called after throwing an instance of 'std::bad_cast'
  what():  std::bad_cast
terminate called after throwing an instance of 'std::bad_cast'
  what():  std::bad_cast
[CPU] Uninitialized memory read: $7EFE00
[CPU] Uninitialized memory read: $7EFE01
[CPU] Uninitialized memory read: $7EFE02
[CPU] Uninitialized memory read: $7EFE03
[CPU] Uninitialized memory read: $7EFE04
[CPU] Uninitialized memory read: $7EFE05
[CPU] Uninitialized memory read: $7EFE06
[CPU] Uninitialized memory read: $7EFE07
[CPU] Uninitialized memory read: $7EFE08
[CPU] Uninitialized memory read: $7EFE09
[CPU] Uninitialized memory read: $7EFE0A
[CPU] Uninitialized memory read: $7EFE0B
[CPU] Uninitialized memory read: $7EFE0C
[CPU] Uninitialized memory read: $7EFE0D
[CPU] Uninitialized memory read: $7EFE0E
[CPU] Uninitialized memory read: $7EFE0F
[CPU] Uninitialized memory read: $7EFE10
[CPU] Uninitialized memory read: $7EFE11
[CPU] Uninitialized memory read: $7EFE12
[CPU] Uninitialized memory read: $7EFE13
[CPU] Uninitialized memory read: $7EFE14
[CPU] Uninitialized memory read: $7EFE15
[CPU] Uninitialized memory read: $7EFE16
[CPU] Uninitialized memory read: $7EFE17
[CPU] Uninitialized memory read: $7EFE18
[CPU] Uninitialized memory read: $7EFE19
[CPU] Uninitialized memory read: $7EFE1A
[CPU] Uninitialized memory read: $7EFE1B
[CPU] Uninitialized memory read: $7EFE1C
[CPU] Uninitialized memory read: $7EFE1D
[CPU] Uninitialized memory read: $7EFE1E
[CPU] Uninitialized memory read: $7EFE1F
[CPU] Uninitialized memory read: $7EFE20
[CPU] Uninitialized memory read: $7EFE21
[CPU] Uninitialized memory read: $7EFE22
[CPU] Uninitialized memory read: $7EFE23
[CPU] Uninitialized memory read: $7EFE24
[CPU] Uninitialized memory read: $7EFE25
[CPU] Uninitialized memory read: $7EFE26
[CPU] Uninitialized memory read: $7EFE27
[CPU] Uninitialized memory read: $7EFE28
[CPU] Uninitialized memory read: $7EFE29
[CPU] Uninitialized memory read: $7EFE2A
[CPU] Uninitialized memory read: $7EFE2B
[CPU] Uninitialized memory read: $7EFE2C
[CPU] Uninitialized memory read: $7EFE2D
[CPU] Uninitialized memory read: $7EFE2E
[CPU] Uninitialized memory read: $7EFE2F
[CPU] Uninitialized memory read: $7EFE30
[CPU] Uninitialized memory read: $7EFE31
[CPU] Uninitialized memory read: $7EFE32
[CPU] Uninitialized memory read: $7EFE33
[CPU] Uninitialized memory read: $7EFE34
[CPU] Uninitialized memory read: $7EFE35
[CPU] Uninitialized memory read: $7EFE36
[CPU] Uninitialized memory read: $7EFE37
[CPU] Uninitialized memory read: $7EFE38
[CPU] Uninitialized memory read: $7EFE39
[CPU] Uninitialized memory read: $7EFE3A
[CPU] Uninitialized memory read: $7EFE3B
[CPU] Uninitialized memory read: $7EFE3C
[CPU] Uninitialized memory read: $7EFE3D
[CPU] Uninitialized memory read: $7EFE3E
[CPU] Uninitialized memory read: $7EFE3F
[CPU] Uninitialized memory read: $7EFE40
[CPU] Uninitialized memory read: $7EFE41
[CPU] Uninitialized memory read: $7EFE42
[CPU] Uninitialized memory read: $7EFE43
[CPU] Uninitialized memory read: $7EFE44
[CPU] Uninitialized memory read: $7EFE45
[CPU] Uninitialized memory read: $7EFE46
[CPU] Uninitialized memory read: $7EFE47
[CPU] Uninitialized memory read: $7EFE48
[CPU] Uninitialized memory read: $7EFE49
[CPU] Uninitialized memory read: $7EFE4A
[CPU] Uninitialized memory read: $7EFE4B
[CPU] Uninitialized memory read: $7EFE4C
[CPU] Uninitialized memory read: $7EFE4D
[CPU] Uninitialized memory read: $7EFE4E
[CPU] Uninitialized memory read: $7EFE4F
[CPU] Uninitialized memory read: $7EFE50
[CPU] Uninitialized memory read: $7EFE51
[CPU] Uninitialized memory read: $7EFE52
[CPU] Uninitialized memory read: $7EFE53
[CPU] Uninitialized memory read: $7EFE54
[CPU] Uninitialized memory read: $7EFE55
[CPU] Uninitialized memory read: $7EFE56
[CPU] Uninitialized memory read: $7EFE57
[CPU] Uninitialized memory read: $7EFE58
[CPU] Uninitialized memory read: $7EFE59
[CPU] Uninitialized memory read: $7EFE5A
[CPU] Uninitialized memory read: $7EFE5B
[CPU] Uninitialized memory read: $7EFE5C
[CPU] Uninitialized memory read: $7EFE5D
[CPU] Uninitialized memory read: $7EFE5E
[CPU] Uninitialized memory read: $7EFE5F
[CPU] Uninitialized memory read: $7EFE60
[CPU] Uninitialized memory read: $7EFE61
[CPU] Uninitialized memory read: $7EFE62
[CPU] Uninitialized memory read: $7EFE63
[CPU] Uninitialized memory read: $7EFE64
[CPU] Uninitialized memory read: $7EFE65
[CPU] Uninitialized memory read: $7EFE66
[CPU] Uninitialized memory read: $7EFE67
[CPU] Uninitialized memory read: $7EFE68
[CPU] Uninitialized memory read: $7EFE69
[CPU] Uninitialized memory read: $7EFE6A
[CPU] Uninitialized memory read: $7EFE6B
[CPU] Uninitialized memory read: $7EFE6C
[CPU] Uninitialized memory read: $7EFE6D
[CPU] Uninitialized memory read: $7EFE6E
[CPU] Uninitialized memory read: $7EFE6F
[CPU] Uninitialized memory read: $7EFE70
[CPU] Uninitialized memory read: $7EFE71
[CPU] Uninitialized memory read: $7EFE72
[CPU] Uninitialized memory read: $7EFE73
[CPU] Uninitialized memory read: $7EFE74
[CPU] Uninitialized memory read: $7EFE75
[CPU] Uninitialized memory read: $7EFE76
[CPU] Uninitialized memory read: $7EFE77
[CPU] Uninitialized memory read: $7EFE78
[CPU] Uninitialized memory read: $7EFE79
[CPU] Uninitialized memory read: $7EFE7A
[CPU] Uninitialized memory read: $7EFE7B
[CPU] Uninitialized memory read: $7EFE7C
[CPU] Uninitialized memory read: $7EFE7D
[CPU] Uninitialized memory read: $7EFE7E
[CPU] Uninitialized memory read: $7EFE7F
[CPU] Uninitialized memory read: $7EFE80
[CPU] Uninitialized memory read: $7EFE81
[CPU] Uninitialized memory read: $7EFF08
[CPU] Uninitialized memory read: $7EFF09
[CPU] Uninitialized memory read: $7EFF00
[CPU] Uninitialized memory read: $7EFF01
[CPU] Uninitialized memory read: $7EFF02
[CPU] Uninitialized memory read: $7EFF03
[CPU] Uninitialized memory read: $7EFF04
[CPU] Uninitialized memory read: $7EFF05
[CPU] Uninitialized memory read: $7EFF10
[CPU] Uninitialized memory read: $7EFF11
[CPU] Uninitialized memory read: $7EFF12
[CPU] Uninitialized memory read: $7EFF13
[CPU] Uninitialized memory read: $7EFF18
[CPU] Uninitialized memory read: $7EFF19
[CPU] Uninitialized memory read: $7EFF1A
[CPU] Uninitialized memory read: $7EFF1B
[CPU] Uninitialized memory read: $7EFF14
[CPU] Uninitialized memory read: $7EFF15
[CPU] Uninitialized memory read: $7EFF16
[CPU] Uninitialized memory read: $7EFF17
[CPU] Uninitialized memory read: $7EFF1C
[CPU] Uninitialized memory read: $7EFF1D
[CPU] Uninitialized memory read: $7EFF1E
[CPU] Uninitialized memory read: $7EFF1F
