[cpu_trace] ring allocated: 16777216 entries (~640 MB)
[boundary_audit] ring allocated: 1048576 entries (~88 MB)
[gm14_trace] ring allocated: 131072 entries (~6 MB)
[main] debug server FAILED to bind port 4370
audio: 32040 Hz, 2 ch, 534 frames/block
[Launcher] ROM: /mnt/crucial4tb/Emulation/roms/snes/Shin Kidou Senki Gundam W - Endless Duel (Japan).sfc
[cpu_trace] ring allocated: 16777216 entries (~640 MB)
[boundary_audit] ring allocated: 1048576 entries (~88 MB)
[gm14_trace] ring allocated: 131072 entries (~6 MB)
[debug_server] OAM rings: write 524288 entries (~32 MB), render 256 snaps (~164 KB)
[debug_server] VRAM rings allocated: 8388608 entries each (recomp ~1280 MB, oracle ~64 MB)
[debug_server] Listening on port 4370 (threaded)
[main] debug server listening on 127.0.0.1:4370
audio: 32040 Hz, 2 ch, 534 frames/block
[Launcher] ROM: /mnt/crucial4tb/Emulation/roms/snes/Shin Kidou Senki Gundam W - Endless Duel (Japan).sfc
[cpu_trace] ring allocated: 16777216 entries (~640 MB)
[boundary_audit] ring allocated: 1048576 entries (~88 MB)
[gm14_trace] ring allocated: 131072 entries (~6 MB)
[debug_server] OAM rings: write 524288 entries (~32 MB), render 256 snaps (~164 KB)
[debug_server] VRAM rings allocated: 8388608 entries each (recomp ~1280 MB, oracle ~64 MB)
[debug_server] Listening on port 4370 (threaded)
[main] debug server listening on 127.0.0.1:4370
audio: 32040 Hz, 2 ch, 534 frames/block
[Launcher] ROM: /mnt/crucial4tb/Emulation/roms/snes/Shin Kidou Senki Gundam W - Endless Duel (Japan).sfc
[cpu_trace] ring allocated: 16777216 entries (~640 MB)
[boundary_audit] ring allocated: 1048576 entries (~88 MB)
[gm14_trace] ring allocated: 131072 entries (~6 MB)
[debug_server] OAM rings: write 524288 entries (~32 MB), render 256 snaps (~164 KB)
[debug_server] VRAM rings allocated: 8388608 entries each (recomp ~1280 MB, oracle ~64 MB)
[debug_server] Listening on port 4370 (threaded)
[main] debug server listening on 127.0.0.1:4370
audio: 32040 Hz, 2 ch, 534 frames/block
[debug_server] Client connected
[debug_server] New client; dropping previous
[debug_server] Client connected
[debug_server] New client; dropping previous
[debug_server] Client connected
[debug_server] New client; dropping previous
[debug_server] Client connected
[debug_server] New client; dropping previous
[debug_server] Client connected
[cpu_trace] ring allocated: 16777216 entries (~640 MB)
[boundary_audit] ring allocated: 1048576 entries (~88 MB)
[gm14_trace] ring allocated: 131072 entries (~6 MB)
[debug_server] OAM rings: write 524288 entries (~32 MB), render 256 snaps (~164 KB)
[debug_server] VRAM rings allocated: 8388608 entries each (recomp ~1280 MB, oracle ~64 MB)
[debug_server] Listening on port 4370 (threaded)
[main] debug server listening on 127.0.0.1:4370
[debug_server] Client connected
audio: 32040 Hz, 2 ch, 534 frames/block
[debug_server] Client disconnected
[debug_server] Client connected
[Launcher] ROM: /mnt/crucial4tb/Emulation/roms/snes/Shin Kidou Senki Gundam W - Endless Duel (Japan).sfc
